[appcotech.net/templates/colorcv/colorcv/images/favicon.ico]
[backblue.gif]
[fade.gif]
[index.html]
[appcotech.net/templates/colorcv/colorcv/images/avatar-image.jpg]
[appcotech.net/templates/colorcv/colorcv/images/signature.png]
[appcotech.net/templates/colorcv/colorcv/images/portfolio/portfolio-09.jpg]
[appcotech.net/templates/colorcv/colorcv/images/portfolio/portfolio-small-09.jpg]
[appcotech.net/templates/colorcv/colorcv/images/portfolio/portfolio-02.jpg]
[appcotech.net/templates/colorcv/colorcv/images/portfolio/portfolio-small-02.jpg]
[appcotech.net/templates/colorcv/colorcv/images/portfolio/portfolio-03.jpg]
[appcotech.net/templates/colorcv/colorcv/images/portfolio/portfolio-small-03.jpg]
[appcotech.net/templates/colorcv/colorcv/images/portfolio/portfolio-04.jpg]
[appcotech.net/templates/colorcv/colorcv/images/portfolio/portfolio-small-04.jpg]
[appcotech.net/templates/colorcv/colorcv/images/portfolio/portfolio-05.jpg]
[appcotech.net/templates/colorcv/colorcv/images/portfolio/portfolio-small-05.jpg]
[appcotech.net/templates/colorcv/colorcv/images/portfolio/portfolio-07.jpg]
[appcotech.net/templates/colorcv/colorcv/images/portfolio/portfolio-small-07.jpg]
[appcotech.net/templates/colorcv/colorcv/images/portfolio/portfolio-06.jpg]
[appcotech.net/templates/colorcv/colorcv/images/portfolio/portfolio-small-06.jpg]
[appcotech.net/templates/colorcv/colorcv/images/portfolio/portfolio-08.jpg]
[appcotech.net/templates/colorcv/colorcv/images/portfolio/portfolio-small-08.jpg]
[appcotech.net/templates/colorcv/colorcv/images/blog/blog-featured-wide-01.jpg]
[appcotech.net/templates/colorcv/colorcv/images/blog/blog-featured-wide-02.jpg]
[appcotech.net/templates/colorcv/colorcv/images/blog/blog-featured-wide-03.jpg]
[appcotech.net/templates/colorcv/colorcv/images/blog/blog-featured-wide-04.jpg]
[appcotech.net/templates/colorcv/colorcv/js/ie10-viewport-bug-workaround.js]
[appcotech.net/templates/colorcv/colorcv/js/jquery.min.js]
[appcotech.net/templates/colorcv/colorcv/js/bootstrap.min.js]
[appcotech.net/templates/colorcv/colorcv/js/jquery.mousewheel.js]
[appcotech.net/templates/colorcv/colorcv/js/jquery.jscrollpane.min.js]
[appcotech.net/templates/colorcv/colorcv/js/owl.carousel.min.js]
[appcotech.net/templates/colorcv/colorcv/js/jquery.waypoints.min.js]
[appcotech.net/templates/colorcv/colorcv/js/jquery.counterup.min.js]
[appcotech.net/templates/colorcv/colorcv/js/isotope.pkgd.min.js]
[appcotech.net/templates/colorcv/colorcv/js/simple-lightbox.min.js]
[appcotech.net/templates/colorcv/colorcv/js/TweenMax.min.js]
[appcotech.net/templates/colorcv/colorcv/js/appinit-v1.js]
[appcotech.net/templates/colorcv/colorcv/js/functions.js]
[appcotech.net/templates/colorcv/colorcv/template-v1.html]
[appcotech.net/templates/colorcv/colorcv/images/favicon.html]
[appcotech.net/templates/colorcv/colorcv/fonts/glyphicons-halflings-regular.eot]
[appcotech.net/templates/colorcv/colorcv/fonts/glyphicons-halflings-regulard41d.eot]
[appcotech.net/templates/colorcv/colorcv/fonts/glyphicons-halflings-regular.woff2]
[appcotech.net/templates/colorcv/colorcv/fonts/glyphicons-halflings-regular.woff]
[appcotech.net/templates/colorcv/colorcv/fonts/glyphicons-halflings-regular.ttf]
[appcotech.net/templates/colorcv/colorcv/css/bootstrap.min.css]
[appcotech.net/templates/colorcv/colorcv/fonts/fontawesome-webfont5b62.eot]
[appcotech.net/templates/colorcv/colorcv/fonts/fontawesome-webfontd41d.eot]
[appcotech.net/templates/colorcv/colorcv/fonts/fontawesome-webfont5b62.woff2]
[appcotech.net/templates/colorcv/colorcv/fonts/fontawesome-webfont5b62.woff]
[appcotech.net/templates/colorcv/colorcv/fonts/fontawesome-webfont5b62.ttf]
[appcotech.net/templates/colorcv/colorcv/css/font-awesome.min.css]
[appcotech.net/templates/colorcv/colorcv/css/jquery.jscrollpane.css]
[appcotech.net/templates/colorcv/colorcv/css/owl.video.play.png]
[appcotech.net/templates/colorcv/colorcv/css/owl.carousel.min.css]
[appcotech.net/templates/colorcv/colorcv/css/ie10-viewport-bug-workaround.css]
[appcotech.net/templates/colorcv/colorcv/css/simplelightbox.min.css]
[appcotech.net/templates/colorcv/colorcv/css/hexagons.min.css]
[appcotech.net/templates/colorcv/colorcv/css/style.css]
[appcotech.net/templates/colorcv/colorcv/images/portfolio/portfolio-small-08.jpg]
[appcotech.net/templates/colorcv/colorcv/content/images/blog/blog-featured-large.3b.delayed]
[appcotech.net/templates/colorcv/colorcv/content/images/profile-img-01.3c.delayed]
[appcotech.net/templates/colorcv/colorcv/content/images/profile-img-02.3d.delayed]
[appcotech.net/templates/colorcv/colorcv/content/images/profile-img-03.jpg]
[appcotech.net/templates/colorcv/colorcv/content/remote-content.html]
[appcotech.net/templates/colorcv/colorcv/fonts/glyphicons-halflings-regular.html]
[appcotech.net/templates/colorcv/colorcv/fonts/glyphicons-halflings-regulard41d.html]
[appcotech.net/templates/colorcv/colorcv/fonts/glyphicons-halflings-regular-2.html]
[appcotech.net/templates/colorcv/colorcv/fonts/glyphicons-halflings-regular.svg]
[appcotech.net/templates/colorcv/colorcv/fonts/fontawesome-webfont5b62.html]
[appcotech.net/templates/colorcv/colorcv/fonts/fontawesome-webfontd41d.html]
[appcotech.net/templates/colorcv/colorcv/fonts/fontawesome-webfont5b62-2.html]
[appcotech.net/templates/colorcv/colorcv/js/jquery.waypoints.min.js]
[appcotech.net/templates/colorcv/colorcv/fonts/fontawesome-webfont5b62.svg]
[appcotech.net/templates/colorcv/colorcv/css/owl.video.play.html]
[appcotech.net/templates/colorcv/colorcv/content/images/blog/blog-featured-large.html]
[appcotech.net/templates/colorcv/colorcv/content/images/profile-img-01.html]
[appcotech.net/templates/colorcv/colorcv/content/images/profile-img-02.html]
[appcotech.net/templates/colorcv/colorcv/content/images/profile-img-03.html]
